// Vitest Snapshot v1, https://vitest.dev/guide/snapshot.html

exports[`matchRoute > table snapshot — surfaces drift when new endpoints land 1`] = `
[
  "DELETE ^\\/tm\\/boards\\/([^/]+)$ → boards:delete",
  "DELETE ^\\/tm\\/custom-fields\\/([^/]+)$ → custom_fields:write",
  "DELETE ^\\/tm\\/projects\\/([^/]+)$ → projects:delete",
  "DELETE ^\\/tm\\/tasks\\/([^/]+)$ → tasks:delete",
  "DELETE ^\\/tm\\/tasks\\/([^/]+)\\/time-entries\\/([^/]+)$ → time_entries:delete",
  "GET ^\\/tm\\/boards$ → boards:read",
  "GET ^\\/tm\\/custom-fields$ → custom_fields:read",
  "GET ^\\/tm\\/projects$ → projects:read",
  "GET ^\\/tm\\/projects\\/([^/]+)$ → projects:read",
  "GET ^\\/tm\\/tasks$ → tasks:read",
  "GET ^\\/tm\\/tasks\\/([^/]+)$ → tasks:read",
  "GET ^\\/ws\\/members$ → members:read",
  "POST ^\\/tm\\/boards$ → boards:write",
  "POST ^\\/tm\\/boards\\/([^/]+)\\/move$ → boards:write",
  "POST ^\\/tm\\/custom-fields$ → custom_fields:write",
  "POST ^\\/tm\\/projects$ → projects:write",
  "POST ^\\/tm\\/projects\\/([^/]+)\\/archive$ → projects:write",
  "POST ^\\/tm\\/projects\\/([^/]+)\\/un-archive$ → projects:write",
  "POST ^\\/tm\\/tasks$ → tasks:write",
  "POST ^\\/tm\\/tasks\\/([^/]+)\\/board$ → tasks:move",
  "POST ^\\/tm\\/tasks\\/([^/]+)\\/board-column$ → tasks:move",
  "POST ^\\/tm\\/tasks\\/([^/]+)\\/complete$ → tasks:complete",
  "POST ^\\/tm\\/tasks\\/([^/]+)\\/time-entries$ → time_entries:write",
  "POST ^\\/tm\\/tasks\\/([^/]+)\\/un-complete$ → tasks:complete",
  "PUT ^\\/tm\\/boards\\/([^/]+)$ → boards:write",
  "PUT ^\\/tm\\/custom-fields\\/([^/]+)$ → custom_fields:write",
  "PUT ^\\/tm\\/projects\\/([^/]+)$ → projects:write",
  "PUT ^\\/tm\\/tasks\\/([^/]+)$ → tasks:write",
  "PUT ^\\/tm\\/tasks\\/([^/]+)\\/time-entries\\/([^/]+)$ → time_entries:write",
]
`;
